// Vitest Snapshot v1, https://vitest.dev/guide/snapshot.html

exports[`renderOrbFrame > characterization: chars and colors per built-in variant > renders abyss exactly as before 1`] = `
{
  "colors": [
    "color-mix(in srgb, #57606a 18.75%, transparent) ×1",
    "color-mix(in srgb, #57606a 25.00%, transparent) ×3",
    "color-mix(in srgb, #57606a 31.25%, transparent) ×3",
    "color-mix(in srgb, #57606a 37.50%, transparent) ×12",
    "color-mix(in srgb, #57606a 43.75%, transparent) ×30",
    "color-mix(in srgb, #57606a 50.00%, transparent) ×21",
    "color-mix(in srgb, #57606a 56.25%, transparent) ×25",
    "color-mix(in srgb, #57606a 6.25%, transparent) ×96",
    "color-mix(in srgb, #57606a 62.50%, transparent) ×14",
    "color-mix(in srgb, #57606a 68.75%, transparent) ×7",
    "color-mix(in srgb, #57606a 75.00%, transparent) ×2",
    "color-mix(in srgb, #6b7280 100.00%, transparent) ×16",
    "color-mix(in srgb, #6b7280 12.50%, transparent) ×1",
    "color-mix(in srgb, #6b7280 18.75%, transparent) ×1",
    "color-mix(in srgb, #6b7280 31.25%, transparent) ×1",
    "color-mix(in srgb, #6b7280 56.25%, transparent) ×3",
    "color-mix(in srgb, #6b7280 6.25%, transparent) ×18",
    "color-mix(in srgb, #6b7280 62.50%, transparent) ×1",
    "color-mix(in srgb, #6b7280 68.75%, transparent) ×2",
    "color-mix(in srgb, #6b7280 75.00%, transparent) ×9",
    "color-mix(in srgb, #6b7280 81.25%, transparent) ×2",
    "color-mix(in srgb, #6b7280 87.50%, transparent) ×4",
    "color-mix(in srgb, #6b7280 93.75%, transparent) ×4",
    "transparent ×236",
  ],
  "text": "                                
                                
                                
           =++==-===-           
         ++=+*#*+=---=+         
       :*+###****##*=--+,       
      .*=*#*=--==+*##*=-=       
      -+=*#+==++++++*#+:-:      
      -+-*#+==*+*++=+#*:-:      
       +-=###*++=+=-+*+-=       
       ,+--=*###***##+=+:       
         +=----=+++=-==         
           -=----==+=           
                                
                                
                                ",
}
`;

exports[`renderOrbFrame > characterization: chars and colors per built-in variant > renders aether exactly as before 1`] = `
{
  "colors": [
    "color-mix(in srgb, #6b7280 100.00%, transparent) ×1",
    "color-mix(in srgb, #6b7280 12.50%, transparent) ×9",
    "color-mix(in srgb, #6b7280 18.75%, transparent) ×10",
    "color-mix(in srgb, #6b7280 25.00%, transparent) ×18",
    "color-mix(in srgb, #6b7280 31.25%, transparent) ×10",
    "color-mix(in srgb, #6b7280 37.50%, transparent) ×3",
    "color-mix(in srgb, #6b7280 50.00%, transparent) ×17",
    "color-mix(in srgb, #6b7280 56.25%, transparent) ×30",
    "color-mix(in srgb, #6b7280 6.25%, transparent) ×25",
    "color-mix(in srgb, #6b7280 62.50%, transparent) ×18",
    "color-mix(in srgb, #6b7280 68.75%, transparent) ×19",
    "color-mix(in srgb, #6b7280 75.00%, transparent) ×14",
    "color-mix(in srgb, #6b7280 93.75%, transparent) ×1",
    "color-mix(in srgb, #7c3aed 12.50%, transparent) ×8",
    "color-mix(in srgb, #7c3aed 18.75%, transparent) ×9",
    "color-mix(in srgb, #7c3aed 25.00%, transparent) ×5",
    "color-mix(in srgb, #7c3aed 31.25%, transparent) ×6",
    "color-mix(in srgb, #7c3aed 37.50%, transparent) ×5",
    "color-mix(in srgb, #7c3aed 43.75%, transparent) ×1",
    "color-mix(in srgb, #7c3aed 56.25%, transparent) ×1",
    "color-mix(in srgb, #7c3aed 6.25%, transparent) ×20",
    "color-mix(in srgb, #7c3aed 62.50%, transparent) ×1",
    "color-mix(in srgb, #7c3aed 68.75%, transparent) ×7",
    "color-mix(in srgb, #7c3aed 75.00%, transparent) ×11",
    "color-mix(in srgb, #7c3aed 81.25%, transparent) ×19",
    "color-mix(in srgb, #7c3aed 87.50%, transparent) ×11",
    "color-mix(in srgb, #7c3aed 93.75%, transparent) ×5",
    "transparent ×228",
  ],
  "text": "                                
              ..,..             
          ,:; ,::, ;;:.         
        : :tLLCCLLLCf: :.       
      ,;:CCLLCGGCLLLfLL:;,      
     ,;1CLG8GG8888GGLfLL;;,     
    .;;GCG88GCCGLCCG88Cff::     
    ,;fCC88GCGGG8GCGGGCtft;.    
    ,;fCC88GGC8G8GGGCGCffI;.    
    .;;GCG88GCCCCGGLLCCLL::     
     ,;1CffLGG#8G8GGCLLLi;,     
      ,;:LLLLLCLLLLLLLf:;,      
        : :LCfffffLLf: :.       
          ,:; .,:, ;;:.         
              ....              
                                ",
}
`;

exports[`renderOrbFrame > characterization: chars and colors per built-in variant > renders eclipse exactly as before 1`] = `
{
  "colors": [
    "color-mix(in srgb, #57606a 12.50%, transparent) ×3",
    "color-mix(in srgb, #57606a 18.75%, transparent) ×7",
    "color-mix(in srgb, #57606a 25.00%, transparent) ×1",
    "color-mix(in srgb, #57606a 37.50%, transparent) ×1",
    "color-mix(in srgb, #57606a 43.75%, transparent) ×3",
    "color-mix(in srgb, #57606a 50.00%, transparent) ×7",
    "color-mix(in srgb, #57606a 56.25%, transparent) ×17",
    "color-mix(in srgb, #57606a 6.25%, transparent) ×80",
    "color-mix(in srgb, #57606a 62.50%, transparent) ×18",
    "color-mix(in srgb, #57606a 68.75%, transparent) ×17",
    "color-mix(in srgb, #57606a 75.00%, transparent) ×18",
    "color-mix(in srgb, #57606a 81.25%, transparent) ×4",
    "color-mix(in srgb, #57606a 87.50%, transparent) ×8",
    "color-mix(in srgb, #57606a 93.75%, transparent) ×7",
    "color-mix(in srgb, #6b7280 100.00%, transparent) ×17",
    "color-mix(in srgb, #6b7280 12.50%, transparent) ×1",
    "color-mix(in srgb, #6b7280 18.75%, transparent) ×3",
    "color-mix(in srgb, #6b7280 25.00%, transparent) ×2",
    "color-mix(in srgb, #6b7280 31.25%, transparent) ×1",
    "color-mix(in srgb, #6b7280 43.75%, transparent) ×1",
    "color-mix(in srgb, #6b7280 6.25%, transparent) ×22",
    "color-mix(in srgb, #6b7280 62.50%, transparent) ×5",
    "color-mix(in srgb, #6b7280 68.75%, transparent) ×6",
    "color-mix(in srgb, #6b7280 75.00%, transparent) ×13",
    "color-mix(in srgb, #6b7280 81.25%, transparent) ×7",
    "color-mix(in srgb, #6b7280 87.50%, transparent) ×5",
    "color-mix(in srgb, #6b7280 93.75%, transparent) ×6",
    "transparent ×232",
  ],
  "text": "                                
                                
               ..               
          .*#***++***.          
        .****#@#**+=++*.        
       -**@@@####@@#*+=*-       
      :#*#@@*++++*#@@#+=*.      
      *#*@@*+***#***#@*=+=      
      +**#@*+*#*#****##==-      
      .*+*#@@#****++*#*+*.      
       -*++*#@@@###@#*+*-       
        :#*+++++****+**.        
          .+*+==+++*+.          
               ..               
                                
                                ",
}
`;

exports[`renderOrbFrame > characterization: chars and colors per built-in variant > renders ember exactly as before 1`] = `
{
  "colors": [
    "color-mix(in srgb, #64748b 12.50%, transparent) ×7",
    "color-mix(in srgb, #64748b 18.75%, transparent) ×9",
    "color-mix(in srgb, #64748b 25.00%, transparent) ×5",
    "color-mix(in srgb, #64748b 31.25%, transparent) ×1",
    "color-mix(in srgb, #64748b 37.50%, transparent) ×1",
    "color-mix(in srgb, #64748b 43.75%, transparent) ×1",
    "color-mix(in srgb, #64748b 50.00%, transparent) ×1",
    "color-mix(in srgb, #64748b 6.25%, transparent) ×12",
    "color-mix(in srgb, #64748b 62.50%, transparent) ×1",
    "color-mix(in srgb, #64748b 68.75%, transparent) ×1",
    "color-mix(in srgb, #64748b 75.00%, transparent) ×10",
    "color-mix(in srgb, #64748b 81.25%, transparent) ×11",
    "color-mix(in srgb, #64748b 87.50%, transparent) ×9",
    "color-mix(in srgb, #64748b 93.75%, transparent) ×5",
    "color-mix(in srgb, #6b7280 100.00%, transparent) ×13",
    "color-mix(in srgb, #6b7280 93.75%, transparent) ×7",
    "color-mix(in srgb, #7c3aed 12.50%, transparent) ×12",
    "color-mix(in srgb, #7c3aed 18.75%, transparent) ×8",
    "color-mix(in srgb, #7c3aed 25.00%, transparent) ×8",
    "color-mix(in srgb, #7c3aed 31.25%, transparent) ×4",
    "color-mix(in srgb, #7c3aed 37.50%, transparent) ×9",
    "color-mix(in srgb, #7c3aed 43.75%, transparent) ×2",
    "color-mix(in srgb, #7c3aed 50.00%, transparent) ×2",
    "color-mix(in srgb, #7c3aed 56.25%, transparent) ×19",
    "color-mix(in srgb, #7c3aed 6.25%, transparent) ×46",
    "color-mix(in srgb, #7c3aed 62.50%, transparent) ×31",
    "color-mix(in srgb, #7c3aed 68.75%, transparent) ×28",
    "color-mix(in srgb, #7c3aed 75.00%, transparent) ×11",
    "color-mix(in srgb, #7c3aed 81.25%, transparent) ×10",
    "transparent ×228",
  ],
  "text": "                                
              .....             
          .: .:---. ::.         
        : -*******x**= :.       
      .:=XX***Xx*xx*+**-:.      
     . +x*#@@#X%#@%X*++*= .     
    .:=#X%@#x**xxX*xX%X**-:     
    . *X#@%**x#%@X**x#X+++ .    
    . *XX%#xxX%%%xxxx#X*++ .    
    .:=**X%%#*x**xxxxXx**-:     
     . +x**##%%##%@%x*+*= .     
      .:=xx*+***xx*++**-:.      
       .: -****+++***- :.       
          .: .:--:. ::.         
               ...              
                                ",
}
`;

exports[`renderOrbFrame > characterization: chars and colors per built-in variant > renders glacier exactly as before 1`] = `
{
  "colors": [
    "color-mix(in srgb, #64748b 12.50%, transparent) ×7",
    "color-mix(in srgb, #64748b 18.75%, transparent) ×7",
    "color-mix(in srgb, #64748b 25.00%, transparent) ×14",
    "color-mix(in srgb, #64748b 31.25%, transparent) ×11",
    "color-mix(in srgb, #64748b 37.50%, transparent) ×2",
    "color-mix(in srgb, #64748b 43.75%, transparent) ×3",
    "color-mix(in srgb, #64748b 50.00%, transparent) ×17",
    "color-mix(in srgb, #64748b 56.25%, transparent) ×19",
    "color-mix(in srgb, #64748b 6.25%, transparent) ×30",
    "color-mix(in srgb, #64748b 62.50%, transparent) ×15",
    "color-mix(in srgb, #64748b 68.75%, transparent) ×22",
    "color-mix(in srgb, #64748b 75.00%, transparent) ×10",
    "color-mix(in srgb, #6b7280 100.00%, transparent) ×2",
    "color-mix(in srgb, #6b7280 12.50%, transparent) ×9",
    "color-mix(in srgb, #6b7280 18.75%, transparent) ×7",
    "color-mix(in srgb, #6b7280 25.00%, transparent) ×9",
    "color-mix(in srgb, #6b7280 31.25%, transparent) ×4",
    "color-mix(in srgb, #6b7280 37.50%, transparent) ×4",
    "color-mix(in srgb, #6b7280 50.00%, transparent) ×1",
    "color-mix(in srgb, #6b7280 56.25%, transparent) ×1",
    "color-mix(in srgb, #6b7280 6.25%, transparent) ×21",
    "color-mix(in srgb, #6b7280 62.50%, transparent) ×5",
    "color-mix(in srgb, #6b7280 68.75%, transparent) ×14",
    "color-mix(in srgb, #6b7280 75.00%, transparent) ×11",
    "color-mix(in srgb, #6b7280 81.25%, transparent) ×13",
    "color-mix(in srgb, #6b7280 87.50%, transparent) ×13",
    "color-mix(in srgb, #6b7280 93.75%, transparent) ×9",
    "transparent ×232",
  ],
  "text": "                                
               ...              
          ,:: .,,. ::,          
        ,:,1LLLLtLLL1,;:        
      ,:,LLtLCGCLttttLL,:.      
     ,;;LLG#GCGGCCGCLttt::.     
     ::CLCGGCCLLLCCCGCt1t,:     
    .:1LCG#CCCGGGGCCCCL1tI:.    
    .:tCCGGCCCGC#GGCLCCtt;:.    
     ::CLCGGCCLGCGCttCLtL,:     
     ,;;LtttCG#GGCCCCLtL;:.     
      ,:,LLLLLLttLLtttt,:.      
        ,:,tLt1I1tLL1,;:        
          ,::  ,,. ::,          
               ...              
                                ",
}
`;

exports[`renderOrbFrame > characterization: chars and colors per built-in variant > renders ion exactly as before 1`] = `
{
  "colors": [
    "color-mix(in srgb, #64748b 12.50%, transparent) ×8",
    "color-mix(in srgb, #64748b 18.75%, transparent) ×11",
    "color-mix(in srgb, #64748b 25.00%, transparent) ×3",
    "color-mix(in srgb, #64748b 31.25%, transparent) ×2",
    "color-mix(in srgb, #64748b 37.50%, transparent) ×8",
    "color-mix(in srgb, #64748b 43.75%, transparent) ×2",
    "color-mix(in srgb, #64748b 56.25%, transparent) ×3",
    "color-mix(in srgb, #64748b 6.25%, transparent) ×44",
    "color-mix(in srgb, #64748b 62.50%, transparent) ×12",
    "color-mix(in srgb, #64748b 68.75%, transparent) ×27",
    "color-mix(in srgb, #64748b 75.00%, transparent) ×25",
    "color-mix(in srgb, #64748b 81.25%, transparent) ×13",
    "color-mix(in srgb, #64748b 87.50%, transparent) ×16",
    "color-mix(in srgb, #64748b 93.75%, transparent) ×5",
    "color-mix(in srgb, #6b7280 100.00%, transparent) ×12",
    "color-mix(in srgb, #6b7280 93.75%, transparent) ×2",
    "color-mix(in srgb, #7c3aed 12.50%, transparent) ×9",
    "color-mix(in srgb, #7c3aed 18.75%, transparent) ×6",
    "color-mix(in srgb, #7c3aed 25.00%, transparent) ×2",
    "color-mix(in srgb, #7c3aed 31.25%, transparent) ×2",
    "color-mix(in srgb, #7c3aed 37.50%, transparent) ×2",
    "color-mix(in srgb, #7c3aed 50.00%, transparent) ×1",
    "color-mix(in srgb, #7c3aed 56.25%, transparent) ×1",
    "color-mix(in srgb, #7c3aed 6.25%, transparent) ×26",
    "color-mix(in srgb, #7c3aed 62.50%, transparent) ×1",
    "color-mix(in srgb, #7c3aed 68.75%, transparent) ×5",
    "color-mix(in srgb, #7c3aed 75.00%, transparent) ×9",
    "color-mix(in srgb, #7c3aed 81.25%, transparent) ×10",
    "color-mix(in srgb, #7c3aed 87.50%, transparent) ×10",
    "color-mix(in srgb, #7c3aed 93.75%, transparent) ×7",
    "transparent ×228",
  ],
  "text": "                                
                                
           ,  ;rsi, :,          
        , sMHHHHHHGSHs :        
      .:s##SGGSSGGGHMMHs:.      
     ,;3SG9@&9999&@9HhhHA:      
     ;X9#&&9SHMSG9#S99GHHr,     
    , M#9@BGMG99@#SGG##M35      
    . hS#&9GG9B&&9SGSB9M35      
     :XSHGB&9S#SHSGHS#HhHs:     
     ,;3SHG9BBB9#B@&#HhG2:.     
      ,;sGGHMhMGSGHh3MHs;,      
        , sHGHMMMMMHMs :        
          .,  :ii;  :,          
                                
                                ",
}
`;

exports[`renderOrbFrame > characterization: chars and colors per built-in variant > renders lattice exactly as before 1`] = `
{
  "colors": [
    "color-mix(in srgb, #64748b 12.50%, transparent) ×6",
    "color-mix(in srgb, #64748b 18.75%, transparent) ×2",
    "color-mix(in srgb, #64748b 25.00%, transparent) ×2",
    "color-mix(in srgb, #64748b 31.25%, transparent) ×2",
    "color-mix(in srgb, #64748b 37.50%, transparent) ×9",
    "color-mix(in srgb, #64748b 43.75%, transparent) ×4",
    "color-mix(in srgb, #64748b 50.00%, transparent) ×1",
    "color-mix(in srgb, #64748b 56.25%, transparent) ×4",
    "color-mix(in srgb, #64748b 6.25%, transparent) ×50",
    "color-mix(in srgb, #64748b 62.50%, transparent) ×14",
    "color-mix(in srgb, #64748b 68.75%, transparent) ×22",
    "color-mix(in srgb, #64748b 75.00%, transparent) ×26",
    "color-mix(in srgb, #64748b 81.25%, transparent) ×12",
    "color-mix(in srgb, #64748b 87.50%, transparent) ×6",
    "color-mix(in srgb, #6b7280 100.00%, transparent) ×24",
    "color-mix(in srgb, #6b7280 93.75%, transparent) ×7",
    "color-mix(in srgb, #7c3aed 12.50%, transparent) ×6",
    "color-mix(in srgb, #7c3aed 18.75%, transparent) ×1",
    "color-mix(in srgb, #7c3aed 31.25%, transparent) ×1",
    "color-mix(in srgb, #7c3aed 43.75%, transparent) ×2",
    "color-mix(in srgb, #7c3aed 6.25%, transparent) ×39",
    "color-mix(in srgb, #7c3aed 62.50%, transparent) ×1",
    "color-mix(in srgb, #7c3aed 68.75%, transparent) ×5",
    "color-mix(in srgb, #7c3aed 75.00%, transparent) ×13",
    "color-mix(in srgb, #7c3aed 81.25%, transparent) ×14",
    "color-mix(in srgb, #7c3aed 87.50%, transparent) ×6",
    "color-mix(in srgb, #7c3aed 93.75%, transparent) ×5",
    "transparent ×228",
  ],
  "text": "                                
                                
              -++=. :.          
          +{}{{{[]{}{+ .        
       .+}{]]}}}{]{{][{+.       
       [{]}@@@@@%%@@}[[{X       
     :x}}%@%#{]{]}}}%%}{{+      
      {}%@@}{{{}#{}]{#%][[      
      {}%@@}{{}#%#{]{%%][[      
     .x}{#@#{]}}{{{{#%}]}+.     
       [{]{%@@@%%%@@#][{X       
       :x}}{]][]]}{[[]{+:       
        . +]]][]][]{]+ .        
              -==-  .           
                                
                                ",
}
`;

exports[`renderOrbFrame > characterization: chars and colors per built-in variant > renders nova exactly as before 1`] = `
{
  "colors": [
    "color-mix(in srgb, #6b7280 100.00%, transparent) ×37",
    "color-mix(in srgb, #6b7280 12.50%, transparent) ×7",
    "color-mix(in srgb, #6b7280 18.75%, transparent) ×7",
    "color-mix(in srgb, #6b7280 25.00%, transparent) ×4",
    "color-mix(in srgb, #6b7280 31.25%, transparent) ×2",
    "color-mix(in srgb, #6b7280 43.75%, transparent) ×1",
    "color-mix(in srgb, #6b7280 50.00%, transparent) ×2",
    "color-mix(in srgb, #6b7280 56.25%, transparent) ×4",
    "color-mix(in srgb, #6b7280 6.25%, transparent) ×19",
    "color-mix(in srgb, #6b7280 62.50%, transparent) ×1",
    "color-mix(in srgb, #6b7280 68.75%, transparent) ×1",
    "color-mix(in srgb, #6b7280 75.00%, transparent) ×5",
    "color-mix(in srgb, #6b7280 81.25%, transparent) ×10",
    "color-mix(in srgb, #6b7280 87.50%, transparent) ×17",
    "color-mix(in srgb, #6b7280 93.75%, transparent) ×10",
    "color-mix(in srgb, #7c3aed 12.50%, transparent) ×9",
    "color-mix(in srgb, #7c3aed 18.75%, transparent) ×15",
    "color-mix(in srgb, #7c3aed 25.00%, transparent) ×17",
    "color-mix(in srgb, #7c3aed 31.25%, transparent) ×8",
    "color-mix(in srgb, #7c3aed 37.50%, transparent) ×1",
    "color-mix(in srgb, #7c3aed 43.75%, transparent) ×2",
    "color-mix(in srgb, #7c3aed 50.00%, transparent) ×7",
    "color-mix(in srgb, #7c3aed 56.25%, transparent) ×4",
    "color-mix(in srgb, #7c3aed 6.25%, transparent) ×24",
    "color-mix(in srgb, #7c3aed 62.50%, transparent) ×12",
    "color-mix(in srgb, #7c3aed 68.75%, transparent) ×21",
    "color-mix(in srgb, #7c3aed 75.00%, transparent) ×26",
    "color-mix(in srgb, #7c3aed 81.25%, transparent) ×13",
    "color-mix(in srgb, #7c3aed 87.50%, transparent) ×6",
    "transparent ×220",
  ],
  "text": "                                
            .,,,::,,.           
         .:: :=**+:.;:,         
       ,: *#$XXXXX$##*.:,       
      : *#$X#$#%%$X$$X$+ ,      
     : X###@@@@@@@@@@#x$x ,     
    ,;*##@@@%$$X#X$$%@%X#+:.    
    :.#$%@@%#$#%%$XX#@@$Xx ,    
    : #$#@%$$X$%#$$$$#%$xX ,    
    ,;x%#@@%$XXx$###@@%xX*;,    
     : X##%@@@@@@@@%%$*Xx :     
     .: *$XxX$$$$$Xxxx$+ :.     
       ,;.*#%$$XXxx$$+.;,       
         ,:: :=++=: ;:,         
            ..,,,,,.            
                                ",
}
`;

exports[`renderOrbFrame > characterization: chars and colors per built-in variant > renders oracle exactly as before 1`] = `
{
  "colors": [
    "color-mix(in srgb, #64748b 12.50%, transparent) ×5",
    "color-mix(in srgb, #64748b 18.75%, transparent) ×9",
    "color-mix(in srgb, #64748b 25.00%, transparent) ×2",
    "color-mix(in srgb, #64748b 31.25%, transparent) ×8",
    "color-mix(in srgb, #64748b 43.75%, transparent) ×2",
    "color-mix(in srgb, #64748b 50.00%, transparent) ×5",
    "color-mix(in srgb, #64748b 56.25%, transparent) ×21",
    "color-mix(in srgb, #64748b 6.25%, transparent) ×38",
    "color-mix(in srgb, #64748b 62.50%, transparent) ×29",
    "color-mix(in srgb, #64748b 68.75%, transparent) ×14",
    "color-mix(in srgb, #64748b 75.00%, transparent) ×8",
    "color-mix(in srgb, #64748b 81.25%, transparent) ×6",
    "color-mix(in srgb, #6b7280 100.00%, transparent) ×22",
    "color-mix(in srgb, #6b7280 93.75%, transparent) ×4",
    "color-mix(in srgb, #7c3aed 12.50%, transparent) ×10",
    "color-mix(in srgb, #7c3aed 18.75%, transparent) ×6",
    "color-mix(in srgb, #7c3aed 25.00%, transparent) ×5",
    "color-mix(in srgb, #7c3aed 37.50%, transparent) ×5",
    "color-mix(in srgb, #7c3aed 43.75%, transparent) ×1",
    "color-mix(in srgb, #7c3aed 6.25%, transparent) ×35",
    "color-mix(in srgb, #7c3aed 62.50%, transparent) ×2",
    "color-mix(in srgb, #7c3aed 68.75%, transparent) ×8",
    "color-mix(in srgb, #7c3aed 75.00%, transparent) ×12",
    "color-mix(in srgb, #7c3aed 81.25%, transparent) ×13",
    "color-mix(in srgb, #7c3aed 87.50%, transparent) ×8",
    "color-mix(in srgb, #7c3aed 93.75%, transparent) ×6",
    "transparent ×228",
  ],
  "text": "                                
                                
           .  ,::,  ,.          
        . :1ttt11ttC1: .        
      .,:CCLttLLtLttIIL:,.      
     .,ICLQ##QO#Q##Qt11t;.      
     ,;OCQ#OLtIttLLLQQC11:.     
    . tCO#QtI1CCQtt1LQOIII      
    . 1LC#QLtCCOQtttLOO1Ii      
     ,:LtC##CLLt1tLLCOL1L:.     
     .,iLtLO###QQ##QC1It;,.     
      .,:Lt1I11tLt1Ii1t:,.      
        . :ttt1IIIIt1: .        
          ..  ,,,,  ,.          
                                
                                ",
}
`;

exports[`renderOrbFrame > characterization: chars and colors per built-in variant > renders pulse exactly as before 1`] = `
{
  "colors": [
    "color-mix(in srgb, #64748b 12.50%, transparent) ×10",
    "color-mix(in srgb, #64748b 18.75%, transparent) ×11",
    "color-mix(in srgb, #64748b 25.00%, transparent) ×9",
    "color-mix(in srgb, #64748b 31.25%, transparent) ×1",
    "color-mix(in srgb, #64748b 37.50%, transparent) ×2",
    "color-mix(in srgb, #64748b 43.75%, transparent) ×3",
    "color-mix(in srgb, #64748b 50.00%, transparent) ×5",
    "color-mix(in srgb, #64748b 56.25%, transparent) ×3",
    "color-mix(in srgb, #64748b 6.25%, transparent) ×32",
    "color-mix(in srgb, #64748b 62.50%, transparent) ×4",
    "color-mix(in srgb, #64748b 68.75%, transparent) ×21",
    "color-mix(in srgb, #64748b 75.00%, transparent) ×28",
    "color-mix(in srgb, #64748b 81.25%, transparent) ×22",
    "color-mix(in srgb, #64748b 87.50%, transparent) ×11",
    "color-mix(in srgb, #64748b 93.75%, transparent) ×8",
    "color-mix(in srgb, #6b7280 100.00%, transparent) ×26",
    "color-mix(in srgb, #6b7280 93.75%, transparent) ×3",
    "color-mix(in srgb, #7c3aed 12.50%, transparent) ×9",
    "color-mix(in srgb, #7c3aed 18.75%, transparent) ×13",
    "color-mix(in srgb, #7c3aed 25.00%, transparent) ×6",
    "color-mix(in srgb, #7c3aed 37.50%, transparent) ×1",
    "color-mix(in srgb, #7c3aed 50.00%, transparent) ×5",
    "color-mix(in srgb, #7c3aed 6.25%, transparent) ×22",
    "color-mix(in srgb, #7c3aed 62.50%, transparent) ×1",
    "color-mix(in srgb, #7c3aed 68.75%, transparent) ×2",
    "color-mix(in srgb, #7c3aed 75.00%, transparent) ×3",
    "color-mix(in srgb, #7c3aed 81.25%, transparent) ×15",
    "color-mix(in srgb, #7c3aed 87.50%, transparent) ×13",
    "color-mix(in srgb, #7c3aed 93.75%, transparent) ×3",
    "transparent ×220",
  ],
  "text": "                                
             \`":::,'            
          :l l1tt)~ +!,         
       'I xbpwddqmwbhx i"       
      ;i*m00Oq*WodqO0wq*i:      
     I 0kmhB$@B$$@$Bob00U ,     
    :+ubb%$#bhdbkpdw8$*Qb*l     
    I pbM$$#hh8%@pqdkMMwZY "    
    : b*8$@aaoo%@#oahM8kQY ,    
    "~vap&$8pqpmqoabaWoOOxi'    
     l Ldqa&$$$B$$@&*dQ0C I     
      l+u#bmqkdwwqwOCYOf+I      
       ,i tZmO0LQOZZZx ~,       
         ';! l{|([l il"         
              '""^'             
                                ",
}
`;

exports[`renderOrbFrame > characterization: chars and colors per built-in variant > renders quasar exactly as before 1`] = `
{
  "colors": [
    "color-mix(in srgb, #64748b 12.50%, transparent) ×9",
    "color-mix(in srgb, #64748b 18.75%, transparent) ×9",
    "color-mix(in srgb, #64748b 25.00%, transparent) ×9",
    "color-mix(in srgb, #64748b 31.25%, transparent) ×1",
    "color-mix(in srgb, #64748b 37.50%, transparent) ×2",
    "color-mix(in srgb, #64748b 43.75%, transparent) ×5",
    "color-mix(in srgb, #64748b 50.00%, transparent) ×4",
    "color-mix(in srgb, #64748b 56.25%, transparent) ×8",
    "color-mix(in srgb, #64748b 6.25%, transparent) ×25",
    "color-mix(in srgb, #64748b 62.50%, transparent) ×24",
    "color-mix(in srgb, #64748b 68.75%, transparent) ×26",
    "color-mix(in srgb, #64748b 75.00%, transparent) ×16",
    "color-mix(in srgb, #64748b 81.25%, transparent) ×4",
    "color-mix(in srgb, #6b7280 100.00%, transparent) ×31",
    "color-mix(in srgb, #6b7280 12.50%, transparent) ×10",
    "color-mix(in srgb, #6b7280 18.75%, transparent) ×12",
    "color-mix(in srgb, #6b7280 25.00%, transparent) ×7",
    "color-mix(in srgb, #6b7280 37.50%, transparent) ×1",
    "color-mix(in srgb, #6b7280 43.75%, transparent) ×2",
    "color-mix(in srgb, #6b7280 50.00%, transparent) ×5",
    "color-mix(in srgb, #6b7280 56.25%, transparent) ×2",
    "color-mix(in srgb, #6b7280 6.25%, transparent) ×31",
    "color-mix(in srgb, #6b7280 68.75%, transparent) ×3",
    "color-mix(in srgb, #6b7280 75.00%, transparent) ×11",
    "color-mix(in srgb, #6b7280 81.25%, transparent) ×18",
    "color-mix(in srgb, #6b7280 87.50%, transparent) ×10",
    "color-mix(in srgb, #6b7280 93.75%, transparent) ×7",
    "transparent ×220",
  ],
  "text": "                                
             .......            
          .. .;==;, ,,.         
       .. =Xx*xxxXXXX+ ,.       
      . =XxxxXx$XXXX*xX; .      
     . *$XX#@@@#@@@@#**X+ .     
    .,+XX@@#XXxxxxX$$#$Xx=,     
    . Xx$@@$XxX$#$XxX$#x+* .    
    . XX$#$XxxX@@#Xxx$#x** .    
    .,+$$#@#XX$xXXxX#@X*X=,.    
     . *XX$@@@##@@@@$**x+ .     
      . +Xx**xXX$Xx*+xX= .      
       ., =XXx**+*xxx= ,.       
         .., .:;;:. ,..         
             ......             
                                ",
}
`;

exports[`renderOrbFrame > characterization: chars and colors per built-in variant > renders rift exactly as before 1`] = `
{
  "colors": [
    "color-mix(in srgb, #64748b 12.50%, transparent) ×13",
    "color-mix(in srgb, #64748b 18.75%, transparent) ×14",
    "color-mix(in srgb, #64748b 25.00%, transparent) ×4",
    "color-mix(in srgb, #64748b 31.25%, transparent) ×5",
    "color-mix(in srgb, #64748b 43.75%, transparent) ×2",
    "color-mix(in srgb, #64748b 50.00%, transparent) ×3",
    "color-mix(in srgb, #64748b 56.25%, transparent) ×5",
    "color-mix(in srgb, #64748b 6.25%, transparent) ×49",
    "color-mix(in srgb, #64748b 62.50%, transparent) ×16",
    "color-mix(in srgb, #64748b 68.75%, transparent) ×15",
    "color-mix(in srgb, #64748b 75.00%, transparent) ×29",
    "color-mix(in srgb, #64748b 81.25%, transparent) ×14",
    "color-mix(in srgb, #64748b 87.50%, transparent) ×6",
    "color-mix(in srgb, #64748b 93.75%, transparent) ×5",
    "color-mix(in srgb, #6b7280 100.00%, transparent) ×19",
    "color-mix(in srgb, #6b7280 93.75%, transparent) ×2",
    "color-mix(in srgb, #7c3aed 12.50%, transparent) ×5",
    "color-mix(in srgb, #7c3aed 18.75%, transparent) ×5",
    "color-mix(in srgb, #7c3aed 25.00%, transparent) ×3",
    "color-mix(in srgb, #7c3aed 31.25%, transparent) ×3",
    "color-mix(in srgb, #7c3aed 37.50%, transparent) ×1",
    "color-mix(in srgb, #7c3aed 56.25%, transparent) ×1",
    "color-mix(in srgb, #7c3aed 6.25%, transparent) ×22",
    "color-mix(in srgb, #7c3aed 62.50%, transparent) ×1",
    "color-mix(in srgb, #7c3aed 68.75%, transparent) ×8",
    "color-mix(in srgb, #7c3aed 75.00%, transparent) ×14",
    "color-mix(in srgb, #7c3aed 81.25%, transparent) ×9",
    "color-mix(in srgb, #7c3aed 87.50%, transparent) ×5",
    "color-mix(in srgb, #7c3aed 93.75%, transparent) ×6",
    "transparent ×228",
  ],
  "text": "                                
                                
           .. .::: ...          
         .:+*********-:.        
       .:#***#%%#**++**:.       
      .=**#@%%%%%%@#*++*=.      
     .-#*#@%##***#*%%%#+*:.     
     .+##@@#*####***#%#+++.     
     .*##@@#**###*###%#++=.     
     .-#*#@@#****#**#%#*#:.     
      :=*++*%@@%%%%%#*+*=.      
       .:#*********++**:.       
        ..:**+++++*#+::.        
           .. .::. ..           
                                
                                ",
}
`;

exports[`renderOrbFrame > characterization: chars and colors per built-in variant > renders sigil exactly as before 1`] = `
{
  "colors": [
    "color-mix(in srgb, #64748b 12.50%, transparent) ×9",
    "color-mix(in srgb, #64748b 18.75%, transparent) ×9",
    "color-mix(in srgb, #64748b 25.00%, transparent) ×3",
    "color-mix(in srgb, #64748b 37.50%, transparent) ×6",
    "color-mix(in srgb, #64748b 43.75%, transparent) ×5",
    "color-mix(in srgb, #64748b 56.25%, transparent) ×2",
    "color-mix(in srgb, #64748b 6.25%, transparent) ×43",
    "color-mix(in srgb, #64748b 62.50%, transparent) ×13",
    "color-mix(in srgb, #64748b 68.75%, transparent) ×21",
    "color-mix(in srgb, #64748b 75.00%, transparent) ×22",
    "color-mix(in srgb, #64748b 81.25%, transparent) ×15",
    "color-mix(in srgb, #64748b 87.50%, transparent) ×6",
    "color-mix(in srgb, #64748b 93.75%, transparent) ×2",
    "color-mix(in srgb, #6b7280 100.00%, transparent) ×35",
    "color-mix(in srgb, #6b7280 93.75%, transparent) ×2",
    "color-mix(in srgb, #7c3aed 12.50%, transparent) ×8",
    "color-mix(in srgb, #7c3aed 18.75%, transparent) ×4",
    "color-mix(in srgb, #7c3aed 31.25%, transparent) ×1",
    "color-mix(in srgb, #7c3aed 37.50%, transparent) ×1",
    "color-mix(in srgb, #7c3aed 43.75%, transparent) ×3",
    "color-mix(in srgb, #7c3aed 50.00%, transparent) ×1",
    "color-mix(in srgb, #7c3aed 6.25%, transparent) ×31",
    "color-mix(in srgb, #7c3aed 68.75%, transparent) ×6",
    "color-mix(in srgb, #7c3aed 75.00%, transparent) ×10",
    "color-mix(in srgb, #7c3aed 81.25%, transparent) ×14",
    "color-mix(in srgb, #7c3aed 87.50%, transparent) ×8",
    "color-mix(in srgb, #7c3aed 93.75%, transparent) ×4",
    "transparent ×228",
  ],
  "text": "                                
                                
           .  -+*-. :.          
        . *OOOOoXoO0O* :        
      .:*0OOOO00oOOoXXO+:       
     . XOOQ#########OoXox       
     :xQ0##QOoXoo000##0oo+.     
    . O0Q##OooOOQOooO#QXXo      
    . O0Q##OoOO00OooOQQoXX      
     :*Oo0##0OOOXoOO0Q0oO+:     
     . XOoOQ###QQ###QOoOx .     
      .:*QOooXooOOoXXoO+:.      
        : +oOoooXXooo+ :        
          ..  -++-. :.          
                                
                                ",
}
`;

exports[`renderOrbFrame > characterization: chars and colors per built-in variant > renders veil exactly as before 1`] = `
{
  "colors": [
    "color-mix(in srgb, #6b7280 12.50%, transparent) ×14",
    "color-mix(in srgb, #6b7280 18.75%, transparent) ×12",
    "color-mix(in srgb, #6b7280 25.00%, transparent) ×2",
    "color-mix(in srgb, #6b7280 31.25%, transparent) ×2",
    "color-mix(in srgb, #6b7280 37.50%, transparent) ×5",
    "color-mix(in srgb, #6b7280 43.75%, transparent) ×13",
    "color-mix(in srgb, #6b7280 50.00%, transparent) ×28",
    "color-mix(in srgb, #6b7280 56.25%, transparent) ×20",
    "color-mix(in srgb, #6b7280 6.25%, transparent) ×53",
    "color-mix(in srgb, #6b7280 62.50%, transparent) ×20",
    "color-mix(in srgb, #6b7280 68.75%, transparent) ×5",
    "color-mix(in srgb, #6b7280 75.00%, transparent) ×1",
    "color-mix(in srgb, #7c3aed 12.50%, transparent) ×8",
    "color-mix(in srgb, #7c3aed 18.75%, transparent) ×9",
    "color-mix(in srgb, #7c3aed 25.00%, transparent) ×2",
    "color-mix(in srgb, #7c3aed 31.25%, transparent) ×1",
    "color-mix(in srgb, #7c3aed 50.00%, transparent) ×1",
    "color-mix(in srgb, #7c3aed 56.25%, transparent) ×3",
    "color-mix(in srgb, #7c3aed 6.25%, transparent) ×23",
    "color-mix(in srgb, #7c3aed 62.50%, transparent) ×12",
    "color-mix(in srgb, #7c3aed 68.75%, transparent) ×7",
    "color-mix(in srgb, #7c3aed 75.00%, transparent) ×16",
    "color-mix(in srgb, #7c3aed 81.25%, transparent) ×13",
    "color-mix(in srgb, #7c3aed 87.50%, transparent) ×7",
    "color-mix(in srgb, #7c3aed 93.75%, transparent) ×3",
    "transparent ×232",
  ],
  "text": "                                
                                
           ..  ..  :.           
        ...-+++++====.:.        
       ..+++++*+++=====..       
      ::++*#***++**++===:.      
     ..++***+++++*+***+== .     
     :=****++********++==-.     
     .=*+**++***#**++++=-:.     
     ..+=+***+****+==+===..     
      ::===++*#*++*++==+:.      
       ..++++++========..       
        ...-========-.:.        
           ..   .  ..           
                                
                                ",
}
`;

exports[`renderOrbFrame > characterization: chars and colors per built-in variant > renders void exactly as before 1`] = `
{
  "colors": [
    "color-mix(in srgb, #57606a 18.75%, transparent) ×4",
    "color-mix(in srgb, #57606a 25.00%, transparent) ×1",
    "color-mix(in srgb, #57606a 31.25%, transparent) ×13",
    "color-mix(in srgb, #57606a 37.50%, transparent) ×27",
    "color-mix(in srgb, #57606a 43.75%, transparent) ×21",
    "color-mix(in srgb, #57606a 50.00%, transparent) ×27",
    "color-mix(in srgb, #57606a 56.25%, transparent) ×21",
    "color-mix(in srgb, #57606a 6.25%, transparent) ×98",
    "color-mix(in srgb, #57606a 62.50%, transparent) ×9",
    "color-mix(in srgb, #57606a 68.75%, transparent) ×4",
    "color-mix(in srgb, #6b7280 100.00%, transparent) ×16",
    "color-mix(in srgb, #6b7280 25.00%, transparent) ×1",
    "color-mix(in srgb, #6b7280 50.00%, transparent) ×1",
    "color-mix(in srgb, #6b7280 56.25%, transparent) ×2",
    "color-mix(in srgb, #6b7280 6.25%, transparent) ×18",
    "color-mix(in srgb, #6b7280 62.50%, transparent) ×6",
    "color-mix(in srgb, #6b7280 68.75%, transparent) ×4",
    "color-mix(in srgb, #6b7280 75.00%, transparent) ×2",
    "color-mix(in srgb, #6b7280 93.75%, transparent) ×1",
    "transparent ×236",
  ],
  "text": "                                
                                
                                
           -==-------           
         ==-=++==-:::-=         
       .==+#*+===##=-:-=.       
       =-=#*--:--=+*#=-:-       
      -=-=*=--======+#=:-:      
      :--+#=-===+==-=*=::.      
       =--+##===---:=*=:-       
       .=::-+##*==***=-=.       
         =--::--===-:-=         
           ---::---=-           
                                
                                
                                ",
}
`;

exports[`renderOrbFrame > characterization: chars and colors per built-in variant > renders wraith exactly as before 1`] = `
{
  "colors": [
    "color-mix(in srgb, #6b7280 12.50%, transparent) ×17",
    "color-mix(in srgb, #6b7280 18.75%, transparent) ×6",
    "color-mix(in srgb, #6b7280 25.00%, transparent) ×17",
    "color-mix(in srgb, #6b7280 31.25%, transparent) ×6",
    "color-mix(in srgb, #6b7280 37.50%, transparent) ×2",
    "color-mix(in srgb, #6b7280 43.75%, transparent) ×11",
    "color-mix(in srgb, #6b7280 50.00%, transparent) ×25",
    "color-mix(in srgb, #6b7280 56.25%, transparent) ×21",
    "color-mix(in srgb, #6b7280 6.25%, transparent) ×38",
    "color-mix(in srgb, #6b7280 62.50%, transparent) ×22",
    "color-mix(in srgb, #6b7280 68.75%, transparent) ×8",
    "color-mix(in srgb, #7c3aed 12.50%, transparent) ×2",
    "color-mix(in srgb, #7c3aed 18.75%, transparent) ×5",
    "color-mix(in srgb, #7c3aed 25.00%, transparent) ×4",
    "color-mix(in srgb, #7c3aed 31.25%, transparent) ×5",
    "color-mix(in srgb, #7c3aed 37.50%, transparent) ×3",
    "color-mix(in srgb, #7c3aed 43.75%, transparent) ×1",
    "color-mix(in srgb, #7c3aed 56.25%, transparent) ×2",
    "color-mix(in srgb, #7c3aed 6.25%, transparent) ×22",
    "color-mix(in srgb, #7c3aed 62.50%, transparent) ×9",
    "color-mix(in srgb, #7c3aed 68.75%, transparent) ×13",
    "color-mix(in srgb, #7c3aed 75.00%, transparent) ×9",
    "color-mix(in srgb, #7c3aed 81.25%, transparent) ×16",
    "color-mix(in srgb, #7c3aed 87.50%, transparent) ×14",
    "color-mix(in srgb, #7c3aed 93.75%, transparent) ×2",
    "transparent ×232",
  ],
  "text": "                                
                                
          .\`\`  ..  ''.          
        .'.;iiiiiiii;.'\`        
      .'.iiiittIii;;iii.'.      
     .''iItfttttIttIi;ii\`'.     
     '.IitfttIiIittttti;; \`     
    .';ttttIiIttfttttti;;:\`     
    .';ttttiitttftttIIi;;'\`     
     '.IiittttItttIiiiiii.\`     
     .'\`;;;ittftIItIiiii''.     
      .'.iiiIiiiiiiiiii.'.      
        .'.;i;;;;iii;.'\`        
          .\`\`   .  '\`.          
                                
                                ",
}
`;
